[32m2026-04-16 15:58:09.097[0m | [1mINFO    [0m | [36m__main__[0m:[36mmain[0m:[36m276[0m - [1m============================================================[0m
[32m2026-04-16 15:58:09.097[0m | [1mINFO    [0m | [36m__main__[0m:[36mmain[0m:[36m277[0m - [1mºì¹û¶Ì¾ç URL ²¶»ñ²âÊÔ[0m
[32m2026-04-16 15:58:09.098[0m | [1mINFO    [0m | [36m__main__[0m:[36mmain[0m:[36m278[0m - [1mÄ¿±ê¾çÃû: Î÷ÓÎ£¬´í°ÑÓñµÛµ±Ç×µù[0m
[32m2026-04-16 15:58:09.098[0m | [1mINFO    [0m | [36m__main__[0m:[36mmain[0m:[36m279[0m - [1mÄ¿±ê¼¯Êý: µÚ 1 ¼¯[0m
[32m2026-04-16 15:58:09.098[0m | [1mINFO    [0m | [36m__main__[0m:[36mmain[0m:[36m280[0m - [1m============================================================[0m
[32m2026-04-16 15:58:09.098[0m | [1mINFO    [0m | [36m__main__[0m:[36mmain[0m:[36m283[0m - [1mÕýÔÚÁ¬½Ó Frida Éè±¸...[0m
[32m2026-04-16 15:58:09.469[0m | [1mINFO    [0m | [36m__main__[0m:[36mmain[0m:[36m296[0m - [1mÖØÆô com.phoenix.read...[0m
[32m2026-04-16 15:58:15.861[0m | [31m[1mERROR   [0m | [36m__main__[0m:[36mmain[0m:[36m305[0m - [31m[1mApp Æô¶¯Ê§°Ü£¬Î´ÕÒµ½½ø³Ì[0m
